收到list_by_date_range请求
rawSchedules [
  {
    id: '24',
    filmID: '7',
    cinemaID: 7,
    cinemaName: 'PREMIERE ELEMENTS',
    date: '2025-10-11',
    time: '13:00:00',
    house: '2院',
    attr: ','
  },
  {
    id: '25',
    filmID: '8',
    cinemaID: 2,
    cinemaName: 'MOViE MOViE Cityplaza (太古城)',
    date: '2025-10-10',
    time: '19:45:00',
    house: '5院',
    attr: ','
  },
  {
    id: '27',
    filmID: '8',
    cinemaID: 7,
    cinemaName: 'PREMIERE ELEMENTS',
    date: '2025-10-11',
    time: '14:00:00',
    house: '6院',
    attr: '[映後分享會],'
  },
  {
    id: '28',
    filmID: '9',
    cinemaID: 2,
    cinemaName: 'MOViE MOViE Cityplaza (太古城)',
    date: '2025-10-11',
    time: '14:00:00',
    house: '5院',
    attr: ','
  },
  {
    id: '29',
    filmID: '9',
    cinemaID: 7,
    cinemaName: 'PREMIERE ELEMENTS',
    date: '2025-10-10',
    time: '13:50:00',
    house: '6院',
    attr: ','
  },
  {
    id: '30',
    filmID: '10',
    cinemaID: 2,
    cinemaName: 'MOViE MOViE Cityplaza (太古城)',
    date: '2025-10-10',
    time: '13:30:00',
    house: 'MOViEMAXX',
    attr: ',特典場 Special Screening'
  },
  {
    id: '31',
    filmID: '10',
    cinemaID: 7,
    cinemaName: 'PREMIERE ELEMENTS',
    date: '2025-10-09',
    time: '19:00:00',
    house: '6院',
    attr: ',特典場 Special Screening'
  },
  {
    id: '32',
    filmID: '10',
    cinemaID: 1,
    cinemaName: 'MOViE MOViE Pacific Place (金鐘)',
    date: '2025-10-09',
    time: '16:00:00',
    house: '2院',
    attr: ','
  },
  {
    id: '33',
    filmID: '10',
    cinemaID: 2,
    cinemaName: 'MOViE MOViE Cityplaza (太古城)',
    date: '2025-10-09',
    time: '10:30:00',
    house: '5院',
    attr: ','
  },
  {
    id: '34',
    filmID: '10',
    cinemaID: 3,
    cinemaName: 'PALACE ifc',
    date: '2025-10-10',
    time: '13:45:00',
    house: '3院',
    attr: ','
  },
  {
    id: '35',
    filmID: '10',
    cinemaID: 4,
    cinemaName: 'GALA CINEMA (朗豪坊)',
    date: '2025-10-09',
    time: '10:30:00',
    house: '6院',
    attr: ','
  },
  {
    id: '36',
    filmID: '10',
    cinemaID: 5,
    cinemaName: 'B+ cinema MOKO (旺角東)',
    date: '2025-10-10',
    time: '13:40:00',
    house: '2院',
    attr: ','
  },
  {
    id: '37',
    filmID: '10',
    cinemaID: 6,
    cinemaName: 'B+ cinema apm (觀塘)',
    date: '2025-10-09',
    time: '19:50:00',
    house: '1院',
    attr: ','
  },
  {
    id: '38',
    filmID: '10',
    cinemaID: 7,
    cinemaName: 'PREMIERE ELEMENTS',
    date: '2025-10-09',
    time: '11:15:00',
    house: '6院',
    attr: ','
  },
  {
    id: '39',
    filmID: '10',
    cinemaID: 8,
    cinemaName: '電影中心',
    date: '2025-10-10',
    time: '15:10:00',
    house: '3院',
    attr: ','
  },
  {
    id: '40',
    filmID: '10',
    cinemaID: 5,
    cinemaName: '旺角',
    date: '2025-10-11',
    time: '13:40:00',
    house: '1院',
    attr: ','
  },
  {
    id: '41',
    filmID: '10',
    cinemaID: 10,
    cinemaName: 'MY CINEMA YOHO MALL',
    date: '2025-10-09',
    time: '10:30:00',
    house: '2院',
    attr: ','
  },
  {
    id: '42',
    filmID: '10',
    cinemaID: 11,
    cinemaName: '葵芳',
    date: '2025-10-09',
    time: '19:40:00',
    house: '2院',
    attr: ','
  },
  {
    id: '43',
    filmID: '10',
    cinemaID: 12,
    cinemaName: '荃灣',
    date: '2025-10-10',
    time: '15:45:00',
    house: '3院',
    attr: ','
  },
  {
    id: '44',
    filmID: '10',
    cinemaID: 13,
    cinemaName: '嘉湖',
    date: '2025-10-11',
    time: '13:30:00',
    house: '3院',
    attr: ','
  },
  {
    id: '45',
    filmID: '11',
    cinemaID: 2,
    cinemaName: 'MOViE MOViE Cityplaza (太古城)',
    date: '2025-10-09',
    time: '19:40:00',
    house: '2院',
    attr: ','
  },
  {
    id: '46',
    filmID: '11',
    cinemaID: 4,
    cinemaName: 'GALA CINEMA (朗豪坊)',
    date: '2025-10-09',
    time: '19:35:00',
    house: '2院',
    attr: ','
  },
  {
    id: '47',
    filmID: '11',
    cinemaID: 5,
    cinemaName: 'B+ cinema MOKO (旺角東)',
    date: '2025-10-11',
    time: '17:30:00',
    house: '1院',
    attr: ','
  },
  {
    id: '48',
    filmID: '11',
    cinemaID: 7,
    cinemaName: 'PREMIERE ELEMENTS',
    date: '2025-10-09',
    time: '21:40:00',
    house: '4院',
    attr: ','
  },
  {
    id: '49',
    filmID: '11',
    cinemaID: 10,
    cinemaName: 'MY CINEMA YOHO MALL',
    date: '2025-10-09',
    time: '19:35:00',
    house: '4院',
    attr: ','
  },
  {
    id: '56',
    filmID: '13',
    cinemaID: 4,
    cinemaName: 'GALA CINEMA (朗豪坊)',
    date: '2025-10-04',
    time: '13:30:00',
    house: '2院',
    attr: ','
  },
  {
    id: '147',
    filmID: '33',
    cinemaID: 10,
    cinemaName: 'MY CINEMA YOHO MALL',
    date: '2025-10-04',
    time: '14:00:00',
    house: '7院',
    attr: '[加開場次],'
  },
  {
    id: '223',
    filmID: '47',
    cinemaID: 3,
    cinemaName: 'PALACE ifc',
    date: '2025-10-08',
    time: '19:35:00',
    house: '1院',
    attr: ','
  },
  {
    id: '331',
    filmID: '72',
    cinemaID: 3,
    cinemaName: 'PALACE ifc',
    date: '2025-10-07',
    time: '19:35:00',
    house: '3院',
    attr: ','
  },
  {
    id: '336',
    filmID: '74',
    cinemaID: 1,
    cinemaName: 'MOViE MOViE Pacific Place (金鐘)',
    date: '2025-10-07',
    time: '19:00:00',
    house: '4院',
    attr: '[加開場次],'
  },
  {
    id: '352',
    filmID: '86',
    cinemaID: 8,
    cinemaName: '電影中心',
    date: '2025-10-04',
    time: '15:00:00',
    house: '1院',
    attr: ','
  },
  {
    id: '354',
    filmID: '88',
    cinemaID: 8,
    cinemaName: '電影中心',
    date: '2025-10-04',
    time: '13:10:00',
    house: '1院',
    attr: ','
  },
  {
    id: '356',
    filmID: '89',
    cinemaID: 8,
    cinemaName: '電影中心',
    date: '2025-10-05',
    time: '19:35:00',
    house: '1院',
    attr: ','
  },
  {
    id: '357',
    filmID: '90',
    cinemaID: 3,
    cinemaName: 'PALACE ifc',
    date: '2025-10-04',
    time: '17:35:00',
    house: '3院',
    attr: ','
  },
  {
    id: '358',
    filmID: '90',
    cinemaID: 8,
    cinemaName: '電影中心',
    date: '2025-10-07',
    time: '19:45:00',
    house: '1院',
    attr: ','
  },
  {
    id: '359',
    filmID: '91',
    cinemaID: 3,
    cinemaName: 'PALACE ifc',
    date: '2025-10-08',
    time: '19:35:00',
    house: '3院',
    attr: ','
  },
  {
    id: '364',
    filmID: '93',
    cinemaID: 8,
    cinemaName: '電影中心',
    date: '2025-10-10',
    time: '16:45:00',
    house: '1院',
    attr: ','
  },
  {
    id: '366',
    filmID: '94',
    cinemaID: 8,
    cinemaName: '電影中心',
    date: '2025-10-10',
    time: '19:00:00',
    house: '1院',
    attr: ','
  },
  {
    id: '367',
    filmID: '95',
    cinemaID: 8,
    cinemaName: '電影中心',
    date: '2025-10-07',
    time: '19:45:00',
    house: '2院',
    attr: '[映後分享會],'
  },
  {
    id: '368',
    filmID: '96',
    cinemaID: 8,
    cinemaName: '電影中心',
    date: '2025-10-06',
    time: '19:45:00',
    house: '1院',
    attr: '[映後分享會],'
  },
  {
    id: '369',
    filmID: '97',
    cinemaID: 8,
    cinemaName: '電影中心',
    date: '2025-10-05',
    time: '19:30:00',
    house: '2院',
    attr: '[映後分享會],'
  },
  {
    id: '377',
    filmID: '103',
    cinemaID: 8,
    cinemaName: '電影中心',
    date: '2025-10-11',
    time: '14:50:00',
    house: '1院',
    attr: ','
  },
  {
    id: '378',
    filmID: '104',
    cinemaID: 8,
    cinemaName: '電影中心',
    date: '2025-10-11',
    time: '13:00:00',
    house: '1院',
    attr: ','
  },
  {
    id: '379',
    filmID: '105',
    cinemaID: 8,
    cinemaName: '電影中心',
    date: '2025-10-11',
    time: '17:25:00',
    house: '1院',
    attr: ','
  },
  {
    id: '381',
    filmID: '106',
    cinemaID: 8,
    cinemaName: '電影中心',
    date: '2025-10-10',
    time: '19:00:00',
    house: '2院',
    attr: ','
  },
  {
    id: '383',
    filmID: '107',
    cinemaID: 8,
    cinemaName: '電影中心',
    date: '2025-10-09',
    time: '19:40:00',
    house: '1院',
    attr: ','
  },
  {
    id: '393',
    filmID: '115',
    cinemaID: 7,
    cinemaName: 'PREMIERE ELEMENTS',
    date: '2025-10-04',
    time: '15:50:00',
    house: '12院',
    attr: ','
  }
]
[1m[96m=============================== event list 请求 ================================[39m[22m
路由参数校验结果 true undefined
调用controller, { userID: 2n, startDate: '2025-09-29', endDate: '2025-10-05' }
尝试去数据库搜索event,userID 2n 开始时间： 2025-09-29 结束时间： 2025-10-05
结果 [
  {
    id: '8',
    userID: '2',
    scheduleID: '352',
    note: null,
    schedule: {
      id: '352',
      cinemaName: '電影中心',
      date: '2025-10-04',
      time: '15:00:00',
      house: '1院',
      attr: ',',
      film: [Object]
    }
  },
  {
    id: '9',
    userID: '2',
    scheduleID: '369',
    note: null,
    schedule: {
      id: '369',
      cinemaName: '電影中心',
      date: '2025-10-05',
      time: '19:30:00',
      house: '2院',
      attr: '[映後分享會],',
      film: [Object]
    }
  },
  {
    id: '10',
    userID: '2',
    scheduleID: '56',
    note: null,
    schedule: {
      id: '56',
      cinemaName: 'GALA CINEMA (朗豪坊)',
      date: '2025-10-04',
      time: '13:30:00',
      house: '2院',
      attr: ',',
      film: [Object]
    }
  }
]
[1m[96m============================= 收到event delete 请求 ==============================[39m[22m
eventID undefined
Server is running at http://localhost:3033
[1m[96m============================= 收到event delete 请求 ==============================[39m[22m
eventID { id: '8' }
Server is running at http://localhost:3033
Server is running at http://localhost:3033
[1m[96m============================= 收到event delete 请求 ==============================[39m[22m
类型 number
[1m[96m=============================== event list 请求 ================================[39m[22m
路由参数校验结果 true undefined
调用controller, { userID: 2n, startDate: '2025-09-29', endDate: '2025-10-05' }
尝试去数据库搜索event,userID 2n 开始时间： 2025-09-29 结束时间： 2025-10-05
结果 [
  {
    id: '9',
    userID: '2',
    scheduleID: '369',
    note: null,
    schedule: {
      id: '369',
      cinemaName: '電影中心',
      date: '2025-10-05',
      time: '19:30:00',
      house: '2院',
      attr: '[映後分享會],',
      film: [Object]
    }
  },
  {
    id: '10',
    userID: '2',
    scheduleID: '56',
    note: null,
    schedule: {
      id: '56',
      cinemaName: 'GALA CINEMA (朗豪坊)',
      date: '2025-10-04',
      time: '13:30:00',
      house: '2院',
      attr: ',',
      film: [Object]
    }
  }
]
收到list_by_date_range请求
rawSchedules [
  {
    id: '24',
    filmID: '7',
    cinemaID: 7,
    cinemaName: 'PREMIERE ELEMENTS',
    date: '2025-10-11',
    time: '13:00:00',
    house: '2院',
    attr: ','
  },
  {
    id: '25',
    filmID: '8',
    cinemaID: 2,
    cinemaName: 'MOViE MOViE Cityplaza (太古城)',
    date: '2025-10-10',
    time: '19:45:00',
    house: '5院',
    attr: ','
  },
  {
    id: '27',
    filmID: '8',
    cinemaID: 7,
    cinemaName: 'PREMIERE ELEMENTS',
    date: '2025-10-11',
    time: '14:00:00',
    house: '6院',
    attr: '[映後分享會],'
  },
  {
    id: '28',
    filmID: '9',
    cinemaID: 2,
    cinemaName: 'MOViE MOViE Cityplaza (太古城)',
    date: '2025-10-11',
    time: '14:00:00',
    house: '5院',
    attr: ','
  },
  {
    id: '29',
    filmID: '9',
    cinemaID: 7,
    cinemaName: 'PREMIERE ELEMENTS',
    date: '2025-10-10',
    time: '13:50:00',
    house: '6院',
    attr: ','
  },
  {
    id: '30',
    filmID: '10',
    cinemaID: 2,
    cinemaName: 'MOViE MOViE Cityplaza (太古城)',
    date: '2025-10-10',
    time: '13:30:00',
    house: 'MOViEMAXX',
    attr: ',特典場 Special Screening'
  },
  {
    id: '31',
    filmID: '10',
    cinemaID: 7,
    cinemaName: 'PREMIERE ELEMENTS',
    date: '2025-10-09',
    time: '19:00:00',
    house: '6院',
    attr: ',特典場 Special Screening'
  },
  {
    id: '32',
    filmID: '10',
    cinemaID: 1,
    cinemaName: 'MOViE MOViE Pacific Place (金鐘)',
    date: '2025-10-09',
    time: '16:00:00',
    house: '2院',
    attr: ','
  },
  {
    id: '33',
    filmID: '10',
    cinemaID: 2,
    cinemaName: 'MOViE MOViE Cityplaza (太古城)',
    date: '2025-10-09',
    time: '10:30:00',
    house: '5院',
    attr: ','
  },
  {
    id: '34',
    filmID: '10',
    cinemaID: 3,
    cinemaName: 'PALACE ifc',
    date: '2025-10-10',
    time: '13:45:00',
    house: '3院',
    attr: ','
  },
  {
    id: '35',
    filmID: '10',
    cinemaID: 4,
    cinemaName: 'GALA CINEMA (朗豪坊)',
    date: '2025-10-09',
    time: '10:30:00',
    house: '6院',
    attr: ','
  },
  {
    id: '36',
    filmID: '10',
    cinemaID: 5,
    cinemaName: 'B+ cinema MOKO (旺角東)',
    date: '2025-10-10',
    time: '13:40:00',
    house: '2院',
    attr: ','
  },
  {
    id: '37',
    filmID: '10',
    cinemaID: 6,
    cinemaName: 'B+ cinema apm (觀塘)',
    date: '2025-10-09',
    time: '19:50:00',
    house: '1院',
    attr: ','
  },
  {
    id: '38',
    filmID: '10',
    cinemaID: 7,
    cinemaName: 'PREMIERE ELEMENTS',
    date: '2025-10-09',
    time: '11:15:00',
    house: '6院',
    attr: ','
  },
  {
    id: '39',
    filmID: '10',
    cinemaID: 8,
    cinemaName: '電影中心',
    date: '2025-10-10',
    time: '15:10:00',
    house: '3院',
    attr: ','
  },
  {
    id: '40',
    filmID: '10',
    cinemaID: 5,
    cinemaName: '旺角',
    date: '2025-10-11',
    time: '13:40:00',
    house: '1院',
    attr: ','
  },
  {
    id: '41',
    filmID: '10',
    cinemaID: 10,
    cinemaName: 'MY CINEMA YOHO MALL',
    date: '2025-10-09',
    time: '10:30:00',
    house: '2院',
    attr: ','
  },
  {
    id: '42',
    filmID: '10',
    cinemaID: 11,
    cinemaName: '葵芳',
    date: '2025-10-09',
    time: '19:40:00',
    house: '2院',
    attr: ','
  },
  {
    id: '43',
    filmID: '10',
    cinemaID: 12,
    cinemaName: '荃灣',
    date: '2025-10-10',
    time: '15:45:00',
    house: '3院',
    attr: ','
  },
  {
    id: '44',
    filmID: '10',
    cinemaID: 13,
    cinemaName: '嘉湖',
    date: '2025-10-11',
    time: '13:30:00',
    house: '3院',
    attr: ','
  },
  {
    id: '45',
    filmID: '11',
    cinemaID: 2,
    cinemaName: 'MOViE MOViE Cityplaza (太古城)',
    date: '2025-10-09',
    time: '19:40:00',
    house: '2院',
    attr: ','
  },
  {
    id: '46',
    filmID: '11',
    cinemaID: 4,
    cinemaName: 'GALA CINEMA (朗豪坊)',
    date: '2025-10-09',
    time: '19:35:00',
    house: '2院',
    attr: ','
  },
  {
    id: '47',
    filmID: '11',
    cinemaID: 5,
    cinemaName: 'B+ cinema MOKO (旺角東)',
    date: '2025-10-11',
    time: '17:30:00',
    house: '1院',
    attr: ','
  },
  {
    id: '48',
    filmID: '11',
    cinemaID: 7,
    cinemaName: 'PREMIERE ELEMENTS',
    date: '2025-10-09',
    time: '21:40:00',
    house: '4院',
    attr: ','
  },
  {
    id: '49',
    filmID: '11',
    cinemaID: 10,
    cinemaName: 'MY CINEMA YOHO MALL',
    date: '2025-10-09',
    time: '19:35:00',
    house: '4院',
    attr: ','
  },
  {
    id: '56',
    filmID: '13',
    cinemaID: 4,
    cinemaName: 'GALA CINEMA (朗豪坊)',
    date: '2025-10-04',
    time: '13:30:00',
    house: '2院',
    attr: ','
  },
  {
    id: '147',
    filmID: '33',
    cinemaID: 10,
    cinemaName: 'MY CINEMA YOHO MALL',
    date: '2025-10-04',
    time: '14:00:00',
    house: '7院',
    attr: '[加開場次],'
  },
  {
    id: '223',
    filmID: '47',
    cinemaID: 3,
    cinemaName: 'PALACE ifc',
    date: '2025-10-08',
    time: '19:35:00',
    house: '1院',
    attr: ','
  },
  {
    id: '331',
    filmID: '72',
    cinemaID: 3,
    cinemaName: 'PALACE ifc',
    date: '2025-10-07',
    time: '19:35:00',
    house: '3院',
    attr: ','
  },
  {
    id: '336',
    filmID: '74',
    cinemaID: 1,
    cinemaName: 'MOViE MOViE Pacific Place (金鐘)',
    date: '2025-10-07',
    time: '19:00:00',
    house: '4院',
    attr: '[加開場次],'
  },
  {
    id: '352',
    filmID: '86',
    cinemaID: 8,
    cinemaName: '電影中心',
    date: '2025-10-04',
    time: '15:00:00',
    house: '1院',
    attr: ','
  },
  {
    id: '354',
    filmID: '88',
    cinemaID: 8,
    cinemaName: '電影中心',
    date: '2025-10-04',
    time: '13:10:00',
    house: '1院',
    attr: ','
  },
  {
    id: '356',
    filmID: '89',
    cinemaID: 8,
    cinemaName: '電影中心',
    date: '2025-10-05',
    time: '19:35:00',
    house: '1院',
    attr: ','
  },
  {
    id: '357',
    filmID: '90',
    cinemaID: 3,
    cinemaName: 'PALACE ifc',
    date: '2025-10-04',
    time: '17:35:00',
    house: '3院',
    attr: ','
  },
  {
    id: '358',
    filmID: '90',
    cinemaID: 8,
    cinemaName: '電影中心',
    date: '2025-10-07',
    time: '19:45:00',
    house: '1院',
    attr: ','
  },
  {
    id: '359',
    filmID: '91',
    cinemaID: 3,
    cinemaName: 'PALACE ifc',
    date: '2025-10-08',
    time: '19:35:00',
    house: '3院',
    attr: ','
  },
  {
    id: '364',
    filmID: '93',
    cinemaID: 8,
    cinemaName: '電影中心',
    date: '2025-10-10',
    time: '16:45:00',
    house: '1院',
    attr: ','
  },
  {
    id: '366',
    filmID: '94',
    cinemaID: 8,
    cinemaName: '電影中心',
    date: '2025-10-10',
    time: '19:00:00',
    house: '1院',
    attr: ','
  },
  {
    id: '367',
    filmID: '95',
    cinemaID: 8,
    cinemaName: '電影中心',
    date: '2025-10-07',
    time: '19:45:00',
    house: '2院',
    attr: '[映後分享會],'
  },
  {
    id: '368',
    filmID: '96',
    cinemaID: 8,
    cinemaName: '電影中心',
    date: '2025-10-06',
    time: '19:45:00',
    house: '1院',
    attr: '[映後分享會],'
  },
  {
    id: '369',
    filmID: '97',
    cinemaID: 8,
    cinemaName: '電影中心',
    date: '2025-10-05',
    time: '19:30:00',
    house: '2院',
    attr: '[映後分享會],'
  },
  {
    id: '377',
    filmID: '103',
    cinemaID: 8,
    cinemaName: '電影中心',
    date: '2025-10-11',
    time: '14:50:00',
    house: '1院',
    attr: ','
  },
  {
    id: '378',
    filmID: '104',
    cinemaID: 8,
    cinemaName: '電影中心',
    date: '2025-10-11',
    time: '13:00:00',
    house: '1院',
    attr: ','
  },
  {
    id: '379',
    filmID: '105',
    cinemaID: 8,
    cinemaName: '電影中心',
    date: '2025-10-11',
    time: '17:25:00',
    house: '1院',
    attr: ','
  },
  {
    id: '381',
    filmID: '106',
    cinemaID: 8,
    cinemaName: '電影中心',
    date: '2025-10-10',
    time: '19:00:00',
    house: '2院',
    attr: ','
  },
  {
    id: '383',
    filmID: '107',
    cinemaID: 8,
    cinemaName: '電影中心',
    date: '2025-10-09',
    time: '19:40:00',
    house: '1院',
    attr: ','
  },
  {
    id: '393',
    filmID: '115',
    cinemaID: 7,
    cinemaName: 'PREMIERE ELEMENTS',
    date: '2025-10-04',
    time: '15:50:00',
    house: '12院',
    attr: ','
  }
]
[1m[96m=============================== event list 请求 ================================[39m[22m
路由参数校验结果 true undefined
调用controller, { userID: 2n, startDate: '2025-09-29', endDate: '2025-10-05' }
尝试去数据库搜索event,userID 2n 开始时间： 2025-09-29 结束时间： 2025-10-05
结果 [
  {
    id: '9',
    userID: '2',
    scheduleID: '369',
    note: null,
    schedule: {
      id: '369',
      cinemaName: '電影中心',
      date: '2025-10-05',
      time: '19:30:00',
      house: '2院',
      attr: '[映後分享會],',
      film: [Object]
    }
  },
  {
    id: '10',
    userID: '2',
    scheduleID: '56',
    note: null,
    schedule: {
      id: '56',
      cinemaName: 'GALA CINEMA (朗豪坊)',
      date: '2025-10-04',
      time: '13:30:00',
      house: '2院',
      attr: ',',
      film: [Object]
    }
  }
]
Server is running at http://localhost:3033
Server is running at http://localhost:3033
Server is running at http://localhost:3033
[1m[96m=============================== event list 请求 ================================[39m[22m
路由参数校验结果 true undefined
调用controller, { userID: 2n, startDate: '2025-09-29', endDate: '2025-10-05' }
尝试去数据库搜索event,userID 2n 开始时间： 2025-09-29 结束时间： 2025-10-05
结果 [
  {
    id: '9',
    userID: '2',
    scheduleID: '369',
    note: null,
    schedule: {
      id: '369',
      cinemaName: '電影中心',
      date: '2025-10-05',
      time: '19:30:00',
      house: '2院',
      attr: '[映後分享會],',
      film: [Object]
    }
  },
  {
    id: '10',
    userID: '2',
    scheduleID: '56',
    note: null,
    schedule: {
      id: '56',
      cinemaName: 'GALA CINEMA (朗豪坊)',
      date: '2025-10-04',
      time: '13:30:00',
      house: '2院',
      attr: ',',
      film: [Object]
    }
  }
]
收到list_by_date_range请求
rawSchedules [
  {
    id: '24',
    filmID: '7',
    cinemaID: 7,
    cinemaName: 'PREMIERE ELEMENTS',
    date: '2025-10-11',
    time: '13:00:00',
    house: '2院',
    attr: ','
  },
  {
    id: '25',
    filmID: '8',
    cinemaID: 2,
    cinemaName: 'MOViE MOViE Cityplaza (太古城)',
    date: '2025-10-10',
    time: '19:45:00',
    house: '5院',
    attr: ','
  },
  {
    id: '27',
    filmID: '8',
    cinemaID: 7,
    cinemaName: 'PREMIERE ELEMENTS',
    date: '2025-10-11',
    time: '14:00:00',
    house: '6院',
    attr: '[映後分享會],'
  },
  {
    id: '28',
    filmID: '9',
    cinemaID: 2,
    cinemaName: 'MOViE MOViE Cityplaza (太古城)',
    date: '2025-10-11',
    time: '14:00:00',
    house: '5院',
    attr: ','
  },
  {
    id: '29',
    filmID: '9',
    cinemaID: 7,
    cinemaName: 'PREMIERE ELEMENTS',
    date: '2025-10-10',
    time: '13:50:00',
    house: '6院',
    attr: ','
  },
  {
    id: '30',
    filmID: '10',
    cinemaID: 2,
    cinemaName: 'MOViE MOViE Cityplaza (太古城)',
    date: '2025-10-10',
    time: '13:30:00',
    house: 'MOViEMAXX',
    attr: ',特典場 Special Screening'
  },
  {
    id: '31',
    filmID: '10',
    cinemaID: 7,
    cinemaName: 'PREMIERE ELEMENTS',
    date: '2025-10-09',
    time: '19:00:00',
    house: '6院',
    attr: ',特典場 Special Screening'
  },
  {
    id: '32',
    filmID: '10',
    cinemaID: 1,
    cinemaName: 'MOViE MOViE Pacific Place (金鐘)',
    date: '2025-10-09',
    time: '16:00:00',
    house: '2院',
    attr: ','
  },
  {
    id: '33',
    filmID: '10',
    cinemaID: 2,
    cinemaName: 'MOViE MOViE Cityplaza (太古城)',
    date: '2025-10-09',
    time: '10:30:00',
    house: '5院',
    attr: ','
  },
  {
    id: '34',
    filmID: '10',
    cinemaID: 3,
    cinemaName: 'PALACE ifc',
    date: '2025-10-10',
    time: '13:45:00',
    house: '3院',
    attr: ','
  },
  {
    id: '35',
    filmID: '10',
    cinemaID: 4,
    cinemaName: 'GALA CINEMA (朗豪坊)',
    date: '2025-10-09',
    time: '10:30:00',
    house: '6院',
    attr: ','
  },
  {
    id: '36',
    filmID: '10',
    cinemaID: 5,
    cinemaName: 'B+ cinema MOKO (旺角東)',
    date: '2025-10-10',
    time: '13:40:00',
    house: '2院',
    attr: ','
  },
  {
    id: '37',
    filmID: '10',
    cinemaID: 6,
    cinemaName: 'B+ cinema apm (觀塘)',
    date: '2025-10-09',
    time: '19:50:00',
    house: '1院',
    attr: ','
  },
  {
    id: '38',
    filmID: '10',
    cinemaID: 7,
    cinemaName: 'PREMIERE ELEMENTS',
    date: '2025-10-09',
    time: '11:15:00',
    house: '6院',
    attr: ','
  },
  {
    id: '39',
    filmID: '10',
    cinemaID: 8,
    cinemaName: '電影中心',
    date: '2025-10-10',
    time: '15:10:00',
    house: '3院',
    attr: ','
  },
  {
    id: '40',
    filmID: '10',
    cinemaID: 5,
    cinemaName: '旺角',
    date: '2025-10-11',
    time: '13:40:00',
    house: '1院',
    attr: ','
  },
  {
    id: '41',
    filmID: '10',
    cinemaID: 10,
    cinemaName: 'MY CINEMA YOHO MALL',
    date: '2025-10-09',
    time: '10:30:00',
    house: '2院',
    attr: ','
  },
  {
    id: '42',
    filmID: '10',
    cinemaID: 11,
    cinemaName: '葵芳',
    date: '2025-10-09',
    time: '19:40:00',
    house: '2院',
    attr: ','
  },
  {
    id: '43',
    filmID: '10',
    cinemaID: 12,
    cinemaName: '荃灣',
    date: '2025-10-10',
    time: '15:45:00',
    house: '3院',
    attr: ','
  },
  {
    id: '44',
    filmID: '10',
    cinemaID: 13,
    cinemaName: '嘉湖',
    date: '2025-10-11',
    time: '13:30:00',
    house: '3院',
    attr: ','
  },
  {
    id: '45',
    filmID: '11',
    cinemaID: 2,
    cinemaName: 'MOViE MOViE Cityplaza (太古城)',
    date: '2025-10-09',
    time: '19:40:00',
    house: '2院',
    attr: ','
  },
  {
    id: '46',
    filmID: '11',
    cinemaID: 4,
    cinemaName: 'GALA CINEMA (朗豪坊)',
    date: '2025-10-09',
    time: '19:35:00',
    house: '2院',
    attr: ','
  },
  {
    id: '47',
    filmID: '11',
    cinemaID: 5,
    cinemaName: 'B+ cinema MOKO (旺角東)',
    date: '2025-10-11',
    time: '17:30:00',
    house: '1院',
    attr: ','
  },
  {
    id: '48',
    filmID: '11',
    cinemaID: 7,
    cinemaName: 'PREMIERE ELEMENTS',
    date: '2025-10-09',
    time: '21:40:00',
    house: '4院',
    attr: ','
  },
  {
    id: '49',
    filmID: '11',
    cinemaID: 10,
    cinemaName: 'MY CINEMA YOHO MALL',
    date: '2025-10-09',
    time: '19:35:00',
    house: '4院',
    attr: ','
  },
  {
    id: '56',
    filmID: '13',
    cinemaID: 4,
    cinemaName: 'GALA CINEMA (朗豪坊)',
    date: '2025-10-04',
    time: '13:30:00',
    house: '2院',
    attr: ','
  },
  {
    id: '147',
    filmID: '33',
    cinemaID: 10,
    cinemaName: 'MY CINEMA YOHO MALL',
    date: '2025-10-04',
    time: '14:00:00',
    house: '7院',
    attr: '[加開場次],'
  },
  {
    id: '223',
    filmID: '47',
    cinemaID: 3,
    cinemaName: 'PALACE ifc',
    date: '2025-10-08',
    time: '19:35:00',
    house: '1院',
    attr: ','
  },
  {
    id: '331',
    filmID: '72',
    cinemaID: 3,
    cinemaName: 'PALACE ifc',
    date: '2025-10-07',
    time: '19:35:00',
    house: '3院',
    attr: ','
  },
  {
    id: '336',
    filmID: '74',
    cinemaID: 1,
    cinemaName: 'MOViE MOViE Pacific Place (金鐘)',
    date: '2025-10-07',
    time: '19:00:00',
    house: '4院',
    attr: '[加開場次],'
  },
  {
    id: '352',
    filmID: '86',
    cinemaID: 8,
    cinemaName: '電影中心',
    date: '2025-10-04',
    time: '15:00:00',
    house: '1院',
    attr: ','
  },
  {
    id: '354',
    filmID: '88',
    cinemaID: 8,
    cinemaName: '電影中心',
    date: '2025-10-04',
    time: '13:10:00',
    house: '1院',
    attr: ','
  },
  {
    id: '356',
    filmID: '89',
    cinemaID: 8,
    cinemaName: '電影中心',
    date: '2025-10-05',
    time: '19:35:00',
    house: '1院',
    attr: ','
  },
  {
    id: '357',
    filmID: '90',
    cinemaID: 3,
    cinemaName: 'PALACE ifc',
    date: '2025-10-04',
    time: '17:35:00',
    house: '3院',
    attr: ','
  },
  {
    id: '358',
    filmID: '90',
    cinemaID: 8,
    cinemaName: '電影中心',
    date: '2025-10-07',
    time: '19:45:00',
    house: '1院',
    attr: ','
  },
  {
    id: '359',
    filmID: '91',
    cinemaID: 3,
    cinemaName: 'PALACE ifc',
    date: '2025-10-08',
    time: '19:35:00',
    house: '3院',
    attr: ','
  },
  {
    id: '364',
    filmID: '93',
    cinemaID: 8,
    cinemaName: '電影中心',
    date: '2025-10-10',
    time: '16:45:00',
    house: '1院',
    attr: ','
  },
  {
    id: '366',
    filmID: '94',
    cinemaID: 8,
    cinemaName: '電影中心',
    date: '2025-10-10',
    time: '19:00:00',
    house: '1院',
    attr: ','
  },
  {
    id: '367',
    filmID: '95',
    cinemaID: 8,
    cinemaName: '電影中心',
    date: '2025-10-07',
    time: '19:45:00',
    house: '2院',
    attr: '[映後分享會],'
  },
  {
    id: '368',
    filmID: '96',
    cinemaID: 8,
    cinemaName: '電影中心',
    date: '2025-10-06',
    time: '19:45:00',
    house: '1院',
    attr: '[映後分享會],'
  },
  {
    id: '369',
    filmID: '97',
    cinemaID: 8,
    cinemaName: '電影中心',
    date: '2025-10-05',
    time: '19:30:00',
    house: '2院',
    attr: '[映後分享會],'
  },
  {
    id: '377',
    filmID: '103',
    cinemaID: 8,
    cinemaName: '電影中心',
    date: '2025-10-11',
    time: '14:50:00',
    house: '1院',
    attr: ','
  },
  {
    id: '378',
    filmID: '104',
    cinemaID: 8,
    cinemaName: '電影中心',
    date: '2025-10-11',
    time: '13:00:00',
    house: '1院',
    attr: ','
  },
  {
    id: '379',
    filmID: '105',
    cinemaID: 8,
    cinemaName: '電影中心',
    date: '2025-10-11',
    time: '17:25:00',
    house: '1院',
    attr: ','
  },
  {
    id: '381',
    filmID: '106',
    cinemaID: 8,
    cinemaName: '電影中心',
    date: '2025-10-10',
    time: '19:00:00',
    house: '2院',
    attr: ','
  },
  {
    id: '383',
    filmID: '107',
    cinemaID: 8,
    cinemaName: '電影中心',
    date: '2025-10-09',
    time: '19:40:00',
    house: '1院',
    attr: ','
  },
  {
    id: '393',
    filmID: '115',
    cinemaID: 7,
    cinemaName: 'PREMIERE ELEMENTS',
    date: '2025-10-04',
    time: '15:50:00',
    house: '12院',
    attr: ','
  }
]
[1m[96m=============================== event list 请求 ================================[39m[22m
路由参数校验结果 true undefined
调用controller, { userID: 2n, startDate: '2025-09-29', endDate: '2025-10-05' }
尝试去数据库搜索event,userID 2n 开始时间： 2025-09-29 结束时间： 2025-10-05
结果 [
  {
    id: '9',
    userID: '2',
    scheduleID: '369',
    note: null,
    schedule: {
      id: '369',
      cinemaName: '電影中心',
      date: '2025-10-05',
      time: '19:30:00',
      house: '2院',
      attr: '[映後分享會],',
      film: [Object]
    }
  },
  {
    id: '10',
    userID: '2',
    scheduleID: '56',
    note: null,
    schedule: {
      id: '56',
      cinemaName: 'GALA CINEMA (朗豪坊)',
      date: '2025-10-04',
      time: '13:30:00',
      house: '2院',
      attr: ',',
      film: [Object]
    }
  }
]
[1m[96m=============================== event list 请求 ================================[39m[22m
路由参数校验结果 true undefined
调用controller, { userID: 2n, startDate: '2025-09-29', endDate: '2025-10-05' }
尝试去数据库搜索event,userID 2n 开始时间： 2025-09-29 结束时间： 2025-10-05
结果 [
  {
    id: '9',
    userID: '2',
    scheduleID: '369',
    note: null,
    schedule: {
      id: '369',
      cinemaName: '電影中心',
      date: '2025-10-05',
      time: '19:30:00',
      house: '2院',
      attr: '[映後分享會],',
      film: [Object]
    }
  },
  {
    id: '10',
    userID: '2',
    scheduleID: '56',
    note: null,
    schedule: {
      id: '56',
      cinemaName: 'GALA CINEMA (朗豪坊)',
      date: '2025-10-04',
      time: '13:30:00',
      house: '2院',
      attr: ',',
      film: [Object]
    }
  }
]
Server is running at http://localhost:3033
Server is running at http://localhost:3033
收到list请求
{
  limit: 24,
  offset: 0,
  order: [ [ 'id', 'DESC' ] ],
  attributes: [
    'id',
    'nameHK',
    'nameSimplified',
    'nameEN',
    'directorHK',
    'directorSimplified',
    'directorEN',
    'ratingDouban',
    'ratingImdb',
    'posterUrlInternal'
  ]
}
film list结果 {
  data: [
    {
      id: '116',
      nameHK: '兩小無懼',
      nameSimplified: null,
      nameEN: 'Tori and Lokita',
      directorHK: '戴丹兄弟',
      directorSimplified: 'Jean-Pierre Dardenne, Luc Dardenne',
      directorEN: 'Jean-Pierre Dardenne, Luc Dardenne',
      ratingDouban: null,
      ratingImdb: 7,
      posterUrlInternal: 'http://cnpl-assets.mazel98.com/Ualane_06JvRveBmsdMJA.jpg'
    },
    {
      id: '115',
      nameHK: '費黛里奧',
      nameSimplified: null,
      nameEN: "Beethoven's Fidelio",
      directorHK: '大都會歌劇院',
      directorSimplified: 'The Metropolitan Opera',
      directorEN: 'The Metropolitan Opera',
      ratingDouban: null,
      ratingImdb: 0,
      posterUrlInternal: 'http://cnpl-assets.mazel98.com/HSLfc6fjU8opsB4nOdJ99.jpg'
    },
    {
      id: '114',
      nameHK: '莎樂美',
      nameSimplified: null,
      nameEN: "Strauss's Salome",
      directorHK: '克勞斯．古斯',
      directorSimplified: 'Claus Guth',
      directorEN: 'Claus Guth',
      ratingDouban: null,
      ratingImdb: null,
      posterUrlInternal: 'http://cnpl-assets.mazel98.com/YNQ_CBXKG5bu6bL-xrnvV.jpg'
    },
    {
      id: '113',
      nameHK: '費加羅的婚禮',
      nameSimplified: null,
      nameEN: 'Mozart’s Le Nozze di Figaro',
      directorHK: '大都會歌劇院',
      directorSimplified: 'The Metropolitan Opera',
      directorEN: 'The Metropolitan Opera',
      ratingDouban: null,
      ratingImdb: null,
      posterUrlInternal: 'http://cnpl-assets.mazel98.com/mL7Y8kl-5Q6V0AbNh52pE.jpg'
    },
    {
      id: '112',
      nameHK: '塞維利亞的理髮師',
      nameSimplified: null,
      nameEN: 'Rossini’s Il Barbiere di Siviglia',
      directorHK: '巴特萊．謝爾',
      directorSimplified: 'Bartlett Sher',
      directorEN: 'Bartlett Sher',
      ratingDouban: null,
      ratingImdb: null,
      posterUrlInternal: 'http://cnpl-assets.mazel98.com/m5TcxsFEKv4wPAEh1DqE6.jpg'
    },
    {
      id: '111',
      nameHK: '梁祝的繼承者們',
      nameSimplified: null,
      nameEN: '“Art School Musical”',
      directorHK: '林奕華',
      directorSimplified: 'Edward Lam',
      directorEN: 'Edward Lam',
      ratingDouban: null,
      ratingImdb: null,
      posterUrlInternal: 'http://cnpl-assets.mazel98.com/cg_FcY-jv9KlQtTFRZ9pp.jpg'
    },
    {
      id: '110',
      nameHK: 'A.I.時代與梁祝的繼承者們舞台映畫',
      nameSimplified: null,
      nameEN: 'The Visit: Art School Musical 2.0',
      directorHK: '林奕華、袁錦倫、吳嘉彥、何定偉',
      directorSimplified: 'Edward Lam, Kenneth Yuen, Darwin Ng',
      directorEN: 'Edward Lam, Kenneth Yuen, Darwin Ng',
      ratingDouban: null,
      ratingImdb: null,
      posterUrlInternal: 'http://cnpl-assets.mazel98.com/aid0MIFrZmqZnXjN5368t.jpg'
    },
    {
      id: '109',
      nameHK: '影迷',
      nameSimplified: null,
      nameEN: 'Camera Buff',
      directorHK: '奇斯洛夫斯基',
      directorSimplified: 'Krzysztof Kieslowski',
      directorEN: 'Krzysztof Kieslowski',
      ratingDouban: null,
      ratingImdb: 8,
      posterUrlInternal: 'http://cnpl-assets.mazel98.com/2Jgkh5Mi0ZNu4RLaHcQZM.jpg'
    },
    {
      id: '108',
      nameHK: '電幻末日大嶼',
      nameSimplified: null,
      nameEN: "Knit's Island",
      directorHK: "Ekiem Barbier, Guilhem Causse, Quentin L'Helg",
      directorSimplified: "Ekiem Barbier, Guilhem Causse, Quentin L'Helg",
      directorEN: "Ekiem Barbier, Guilhem Causse, Quentin L'Helg",
      ratingDouban: null,
      ratingImdb: 7,
      posterUrlInternal: 'http://cnpl-assets.mazel98.com/Pot6ew9AjGOA8oVs48uWJ.jpg'
    },
    {
      id: '107',
      nameHK: '女孩像她',
      nameSimplified: null,
      nameEN: 'Gina',
      directorHK: '烏莉琪高菲娜',
      directorSimplified: 'Ulrike Kofler',
      directorEN: 'Ulrike Kofler',
      ratingDouban: null,
      ratingImdb: 7,
      posterUrlInternal: 'http://cnpl-assets.mazel98.com/e9WBQ15cw48I7sp3QogS_.jpg'
    },
    {
      id: '106',
      nameHK: '戰犯醫生的最後歲月',
      nameSimplified: null,
      nameEN: 'The Disappearance of Josef Mengele',
      directorHK: '基里爾謝列布連尼科夫',
      directorSimplified: 'Kirill Serebrennikov',
      directorEN: 'Kirill Serebrennikov',
      ratingDouban: null,
      ratingImdb: 7,
      posterUrlInternal: 'http://cnpl-assets.mazel98.com/I7ahskRQFeDUp9DcsjmcT.jpg'
    },
    {
      id: '105',
      nameHK: '倒數人生路',
      nameSimplified: null,
      nameEN: 'Clouds are Made of Rain',
      directorHK: '賓雅民卡蘭馬',
      directorSimplified: 'Benjamin Kramme',
      directorEN: 'Benjamin Kramme',
      ratingDouban: null,
      ratingImdb: null,
      posterUrlInternal: 'http://cnpl-assets.mazel98.com/ZwjvFxYM5hzMRBL4N3L81.jpg'
    },
    {
      id: '104',
      nameHK: '我在馬戲團長大',
      nameSimplified: null,
      nameEN: 'Circusboy',
      directorHK: '茱莉婭林琪、安娜歌芙',
      directorSimplified: 'Julia Lemke, Anna Koch',
      directorEN: 'Julia Lemke, Anna Koch',
      ratingDouban: null,
      ratingImdb: 8,
      posterUrlInternal: 'http://cnpl-assets.mazel98.com/y2WSi9yvtF5BIG9nz03L7.jpg'
    },
    {
      id: '103',
      nameHK: '重訪特權樂園',
      nameSimplified: null,
      nameEN: "The Commandant's Shadow",
      directorHK: '丹妮拉佛爾克',
      directorSimplified: 'Daniela Völker',
      directorEN: 'Daniela Völker',
      ratingDouban: null,
      ratingImdb: 7,
      posterUrlInternal: 'http://cnpl-assets.mazel98.com/ZPho--cTeKmOxyPZrlqVi.jpg'
    },
    {
      id: '102',
      nameHK: '夫妻困獸鬥',
      nameSimplified: null,
      nameEN: 'About Luis',
      directorHK: '露茜婭基亞拉',
      directorSimplified: 'Lucia Chiarla',
      directorEN: 'Lucia Chiarla',
      ratingDouban: null,
      ratingImdb: 6,
      posterUrlInternal: 'http://cnpl-assets.mazel98.com/T98OTXNXqCTSAYI-vxv8T.jpg'
    },
    {
      id: '101',
      nameHK: '光',
      nameSimplified: null,
      nameEN: 'The Light',
      directorHK: '湯泰華',
      directorSimplified: 'Tom Tykwer',
      directorEN: 'Tom Tykwer',
      ratingDouban: null,
      ratingImdb: 6,
      posterUrlInternal: 'http://cnpl-assets.mazel98.com/_dGlukByzC4ECu6Ipfgiq.jpg'
    },
    {
      id: '100',
      nameHK: '潘朵拉傳奇解密',
      nameSimplified: null,
      nameEN: "Pandora's Legacy",
      directorHK: '安潔拉克里斯蒂',
      directorSimplified: 'Angela Christlieb',
      directorEN: 'Angela Christlieb',
      ratingDouban: null,
      ratingImdb: 7,
      posterUrlInternal: 'http://cnpl-assets.mazel98.com/LsGSvfOV1dleS7vOWSJgF.jpg'
    },
    {
      id: '99',
      nameHK: '公審萊芬斯坦',
      nameSimplified: null,
      nameEN: 'Riefenstahl',
      directorHK: '安迪斯維爾艾',
      directorSimplified: 'Andres Veiel',
      directorEN: 'Andres Veiel',
      ratingDouban: null,
      ratingImdb: 7,
      posterUrlInternal: 'http://cnpl-assets.mazel98.com/iuIe2evRZgj1Sbsd0rukt.jpg'
    },
    {
      id: '98',
      nameHK: '律政強人回憶錄',
      nameSimplified: null,
      nameEN: 'Fritz Bauer Death by Instalments',
      directorHK: '伊洛娜佐克',
      directorSimplified: 'Ilona Ziok',
      directorEN: 'Ilona Ziok',
      ratingDouban: null,
      ratingImdb: null,
      posterUrlInternal: 'http://cnpl-assets.mazel98.com/PAAH3QJYlyILNXHNRYqBO.jpg'
    },
    {
      id: '97',
      nameHK: '一個人的一一:洋洋的一封信',
      nameSimplified: null,
      nameEN: '14 Variations on the Theme of Yi Yi',
      directorHK: '林奕華、袁錦倫、吳嘉彥',
      directorSimplified: 'Edward Lam, Kenneth Yuen, Darwin Ng',
      directorEN: 'Edward Lam, Kenneth Yuen, Darwin Ng',
      ratingDouban: null,
      ratingImdb: null,
      posterUrlInternal: 'http://cnpl-assets.mazel98.com/Xfm6nLvP72sATmpf-mpVO.jpg'
    },
    {
      id: '96',
      nameHK: '兩個人的一一:婷婷的14首搖籃曲',
      nameSimplified: null,
      nameEN: '14 Lullabies for Ting Ting',
      directorHK: '林奕華、吳嘉彥、袁錦倫',
      directorSimplified: 'Edward Lam, Darwin Ng, Kenneth Yuen',
      directorEN: 'Edward Lam, Darwin Ng, Kenneth Yuen',
      ratingDouban: null,
      ratingImdb: null,
      posterUrlInternal: 'http://cnpl-assets.mazel98.com/nfAmDMezn7pA6J4-XoAiy.jpg'
    },
    {
      id: '95',
      nameHK: '三個人的一一:NJ的熱海旅行',
      nameSimplified: null,
      nameEN: "NJ's Journey to Atami",
      directorHK: '林奕華、袁錦倫、吳嘉彥',
      directorSimplified: 'Edward Lam, Kenneth Yuen, Darwin Ng',
      directorEN: 'Edward Lam, Kenneth Yuen, Darwin Ng',
      ratingDouban: null,
      ratingImdb: null,
      posterUrlInternal: 'http://cnpl-assets.mazel98.com/mR3k9xsj2luOYeH31Gn3t.jpg'
    },
    {
      id: '94',
      nameHK: '看我今天怎當媽',
      nameSimplified: null,
      nameEN: 'Deaf',
      directorHK: 'Eva Libertad',
      directorSimplified: 'Eva Libertad',
      directorEN: 'Eva Libertad',
      ratingDouban: null,
      ratingImdb: 7,
      posterUrlInternal: 'http://cnpl-assets.mazel98.com/QBzw_2wzNQNyd_kXRlVKR.jpg'
    },
    {
      id: '93',
      nameHK: '反恐無間道',
      nameSimplified: null,
      nameEN: 'Undercover',
      directorHK: 'Arantxa Echevarría',
      directorSimplified: 'Arantxa Echevarría',
      directorEN: 'Arantxa Echevarría',
      ratingDouban: null,
      ratingImdb: 7,
      posterUrlInternal: 'http://cnpl-assets.mazel98.com/ycZRv6gYpeit9a5xWCfBg.jpg'
    }
  ],
  total: 116,
  pageNo: 1,
  pageSize: 24
}
[1m[96m=============================== event list 请求 ================================[39m[22m
路由参数校验结果 true undefined
调用controller, { userID: 2n, startDate: '2025-09-29', endDate: '2025-10-05' }
尝试去数据库搜索event,userID 2n 开始时间： 2025-09-29 结束时间： 2025-10-05
结果 [
  {
    id: '9',
    userID: '2',
    scheduleID: '369',
    note: null,
    schedule: {
      id: '369',
      cinemaName: '電影中心',
      date: '2025-10-05',
      time: '19:30:00',
      house: '2院',
      attr: '[映後分享會],',
      film: [Object]
    }
  },
  {
    id: '10',
    userID: '2',
    scheduleID: '56',
    note: null,
    schedule: {
      id: '56',
      cinemaName: 'GALA CINEMA (朗豪坊)',
      date: '2025-10-04',
      time: '13:30:00',
      house: '2院',
      attr: ',',
      film: [Object]
    }
  }
]
Server is running at http://localhost:3033
收到list请求
{
  limit: 24,
  offset: 0,
  order: [ [ 'id', 'DESC' ] ],
  attributes: [
    'id',
    'nameHK',
    'nameSimplified',
    'nameEN',
    'directorHK',
    'directorSimplified',
    'directorEN',
    'ratingDouban',
    'ratingImdb',
    'posterUrlInternal'
  ]
}
film list结果 {
  data: [
    {
      id: '116',
      nameHK: '兩小無懼',
      nameSimplified: null,
      nameEN: 'Tori and Lokita',
      directorHK: '戴丹兄弟',
      directorSimplified: 'Jean-Pierre Dardenne, Luc Dardenne',
      directorEN: 'Jean-Pierre Dardenne, Luc Dardenne',
      ratingDouban: null,
      ratingImdb: 7,
      posterUrlInternal: 'http://cnpl-assets.mazel98.com/Ualane_06JvRveBmsdMJA.jpg'
    },
    {
      id: '115',
      nameHK: '費黛里奧',
      nameSimplified: null,
      nameEN: "Beethoven's Fidelio",
      directorHK: '大都會歌劇院',
      directorSimplified: 'The Metropolitan Opera',
      directorEN: 'The Metropolitan Opera',
      ratingDouban: null,
      ratingImdb: 0,
      posterUrlInternal: 'http://cnpl-assets.mazel98.com/HSLfc6fjU8opsB4nOdJ99.jpg'
    },
    {
      id: '114',
      nameHK: '莎樂美',
      nameSimplified: null,
      nameEN: "Strauss's Salome",
      directorHK: '克勞斯．古斯',
      directorSimplified: 'Claus Guth',
      directorEN: 'Claus Guth',
      ratingDouban: null,
      ratingImdb: null,
      posterUrlInternal: 'http://cnpl-assets.mazel98.com/YNQ_CBXKG5bu6bL-xrnvV.jpg'
    },
    {
      id: '113',
      nameHK: '費加羅的婚禮',
      nameSimplified: null,
      nameEN: 'Mozart’s Le Nozze di Figaro',
      directorHK: '大都會歌劇院',
      directorSimplified: 'The Metropolitan Opera',
      directorEN: 'The Metropolitan Opera',
      ratingDouban: null,
      ratingImdb: null,
      posterUrlInternal: 'http://cnpl-assets.mazel98.com/mL7Y8kl-5Q6V0AbNh52pE.jpg'
    },
    {
      id: '112',
      nameHK: '塞維利亞的理髮師',
      nameSimplified: null,
      nameEN: 'Rossini’s Il Barbiere di Siviglia',
      directorHK: '巴特萊．謝爾',
      directorSimplified: 'Bartlett Sher',
      directorEN: 'Bartlett Sher',
      ratingDouban: null,
      ratingImdb: null,
      posterUrlInternal: 'http://cnpl-assets.mazel98.com/m5TcxsFEKv4wPAEh1DqE6.jpg'
    },
    {
      id: '111',
      nameHK: '梁祝的繼承者們',
      nameSimplified: null,
      nameEN: '“Art School Musical”',
      directorHK: '林奕華',
      directorSimplified: 'Edward Lam',
      directorEN: 'Edward Lam',
      ratingDouban: null,
      ratingImdb: null,
      posterUrlInternal: 'http://cnpl-assets.mazel98.com/cg_FcY-jv9KlQtTFRZ9pp.jpg'
    },
    {
      id: '110',
      nameHK: 'A.I.時代與梁祝的繼承者們舞台映畫',
      nameSimplified: null,
      nameEN: 'The Visit: Art School Musical 2.0',
      directorHK: '林奕華、袁錦倫、吳嘉彥、何定偉',
      directorSimplified: 'Edward Lam, Kenneth Yuen, Darwin Ng',
      directorEN: 'Edward Lam, Kenneth Yuen, Darwin Ng',
      ratingDouban: null,
      ratingImdb: null,
      posterUrlInternal: 'http://cnpl-assets.mazel98.com/aid0MIFrZmqZnXjN5368t.jpg'
    },
    {
      id: '109',
      nameHK: '影迷',
      nameSimplified: null,
      nameEN: 'Camera Buff',
      directorHK: '奇斯洛夫斯基',
      directorSimplified: 'Krzysztof Kieslowski',
      directorEN: 'Krzysztof Kieslowski',
      ratingDouban: null,
      ratingImdb: 8,
      posterUrlInternal: 'http://cnpl-assets.mazel98.com/2Jgkh5Mi0ZNu4RLaHcQZM.jpg'
    },
    {
      id: '108',
      nameHK: '電幻末日大嶼',
      nameSimplified: null,
      nameEN: "Knit's Island",
      directorHK: "Ekiem Barbier, Guilhem Causse, Quentin L'Helg",
      directorSimplified: "Ekiem Barbier, Guilhem Causse, Quentin L'Helg",
      directorEN: "Ekiem Barbier, Guilhem Causse, Quentin L'Helg",
      ratingDouban: null,
      ratingImdb: 7,
      posterUrlInternal: 'http://cnpl-assets.mazel98.com/Pot6ew9AjGOA8oVs48uWJ.jpg'
    },
    {
      id: '107',
      nameHK: '女孩像她',
      nameSimplified: null,
      nameEN: 'Gina',
      directorHK: '烏莉琪高菲娜',
      directorSimplified: 'Ulrike Kofler',
      directorEN: 'Ulrike Kofler',
      ratingDouban: null,
      ratingImdb: 7,
      posterUrlInternal: 'http://cnpl-assets.mazel98.com/e9WBQ15cw48I7sp3QogS_.jpg'
    },
    {
      id: '106',
      nameHK: '戰犯醫生的最後歲月',
      nameSimplified: null,
      nameEN: 'The Disappearance of Josef Mengele',
      directorHK: '基里爾謝列布連尼科夫',
      directorSimplified: 'Kirill Serebrennikov',
      directorEN: 'Kirill Serebrennikov',
      ratingDouban: null,
      ratingImdb: 7,
      posterUrlInternal: 'http://cnpl-assets.mazel98.com/I7ahskRQFeDUp9DcsjmcT.jpg'
    },
    {
      id: '105',
      nameHK: '倒數人生路',
      nameSimplified: null,
      nameEN: 'Clouds are Made of Rain',
      directorHK: '賓雅民卡蘭馬',
      directorSimplified: 'Benjamin Kramme',
      directorEN: 'Benjamin Kramme',
      ratingDouban: null,
      ratingImdb: null,
      posterUrlInternal: 'http://cnpl-assets.mazel98.com/ZwjvFxYM5hzMRBL4N3L81.jpg'
    },
    {
      id: '104',
      nameHK: '我在馬戲團長大',
      nameSimplified: null,
      nameEN: 'Circusboy',
      directorHK: '茱莉婭林琪、安娜歌芙',
      directorSimplified: 'Julia Lemke, Anna Koch',
      directorEN: 'Julia Lemke, Anna Koch',
      ratingDouban: null,
      ratingImdb: 8,
      posterUrlInternal: 'http://cnpl-assets.mazel98.com/y2WSi9yvtF5BIG9nz03L7.jpg'
    },
    {
      id: '103',
      nameHK: '重訪特權樂園',
      nameSimplified: null,
      nameEN: "The Commandant's Shadow",
      directorHK: '丹妮拉佛爾克',
      directorSimplified: 'Daniela Völker',
      directorEN: 'Daniela Völker',
      ratingDouban: null,
      ratingImdb: 7,
      posterUrlInternal: 'http://cnpl-assets.mazel98.com/ZPho--cTeKmOxyPZrlqVi.jpg'
    },
    {
      id: '102',
      nameHK: '夫妻困獸鬥',
      nameSimplified: null,
      nameEN: 'About Luis',
      directorHK: '露茜婭基亞拉',
      directorSimplified: 'Lucia Chiarla',
      directorEN: 'Lucia Chiarla',
      ratingDouban: null,
      ratingImdb: 6,
      posterUrlInternal: 'http://cnpl-assets.mazel98.com/T98OTXNXqCTSAYI-vxv8T.jpg'
    },
    {
      id: '101',
      nameHK: '光',
      nameSimplified: null,
      nameEN: 'The Light',
      directorHK: '湯泰華',
      directorSimplified: 'Tom Tykwer',
      directorEN: 'Tom Tykwer',
      ratingDouban: null,
      ratingImdb: 6,
      posterUrlInternal: 'http://cnpl-assets.mazel98.com/_dGlukByzC4ECu6Ipfgiq.jpg'
    },
    {
      id: '100',
      nameHK: '潘朵拉傳奇解密',
      nameSimplified: null,
      nameEN: "Pandora's Legacy",
      directorHK: '安潔拉克里斯蒂',
      directorSimplified: 'Angela Christlieb',
      directorEN: 'Angela Christlieb',
      ratingDouban: null,
      ratingImdb: 7,
      posterUrlInternal: 'http://cnpl-assets.mazel98.com/LsGSvfOV1dleS7vOWSJgF.jpg'
    },
    {
      id: '99',
      nameHK: '公審萊芬斯坦',
      nameSimplified: null,
      nameEN: 'Riefenstahl',
      directorHK: '安迪斯維爾艾',
      directorSimplified: 'Andres Veiel',
      directorEN: 'Andres Veiel',
      ratingDouban: null,
      ratingImdb: 7,
      posterUrlInternal: 'http://cnpl-assets.mazel98.com/iuIe2evRZgj1Sbsd0rukt.jpg'
    },
    {
      id: '98',
      nameHK: '律政強人回憶錄',
      nameSimplified: null,
      nameEN: 'Fritz Bauer Death by Instalments',
      directorHK: '伊洛娜佐克',
      directorSimplified: 'Ilona Ziok',
      directorEN: 'Ilona Ziok',
      ratingDouban: null,
      ratingImdb: null,
      posterUrlInternal: 'http://cnpl-assets.mazel98.com/PAAH3QJYlyILNXHNRYqBO.jpg'
    },
    {
      id: '97',
      nameHK: '一個人的一一:洋洋的一封信',
      nameSimplified: null,
      nameEN: '14 Variations on the Theme of Yi Yi',
      directorHK: '林奕華、袁錦倫、吳嘉彥',
      directorSimplified: 'Edward Lam, Kenneth Yuen, Darwin Ng',
      directorEN: 'Edward Lam, Kenneth Yuen, Darwin Ng',
      ratingDouban: null,
      ratingImdb: null,
      posterUrlInternal: 'http://cnpl-assets.mazel98.com/Xfm6nLvP72sATmpf-mpVO.jpg'
    },
    {
      id: '96',
      nameHK: '兩個人的一一:婷婷的14首搖籃曲',
      nameSimplified: null,
      nameEN: '14 Lullabies for Ting Ting',
      directorHK: '林奕華、吳嘉彥、袁錦倫',
      directorSimplified: 'Edward Lam, Darwin Ng, Kenneth Yuen',
      directorEN: 'Edward Lam, Darwin Ng, Kenneth Yuen',
      ratingDouban: null,
      ratingImdb: null,
      posterUrlInternal: 'http://cnpl-assets.mazel98.com/nfAmDMezn7pA6J4-XoAiy.jpg'
    },
    {
      id: '95',
      nameHK: '三個人的一一:NJ的熱海旅行',
      nameSimplified: null,
      nameEN: "NJ's Journey to Atami",
      directorHK: '林奕華、袁錦倫、吳嘉彥',
      directorSimplified: 'Edward Lam, Kenneth Yuen, Darwin Ng',
      directorEN: 'Edward Lam, Kenneth Yuen, Darwin Ng',
      ratingDouban: null,
      ratingImdb: null,
      posterUrlInternal: 'http://cnpl-assets.mazel98.com/mR3k9xsj2luOYeH31Gn3t.jpg'
    },
    {
      id: '94',
      nameHK: '看我今天怎當媽',
      nameSimplified: null,
      nameEN: 'Deaf',
      directorHK: 'Eva Libertad',
      directorSimplified: 'Eva Libertad',
      directorEN: 'Eva Libertad',
      ratingDouban: null,
      ratingImdb: 7,
      posterUrlInternal: 'http://cnpl-assets.mazel98.com/QBzw_2wzNQNyd_kXRlVKR.jpg'
    },
    {
      id: '93',
      nameHK: '反恐無間道',
      nameSimplified: null,
      nameEN: 'Undercover',
      directorHK: 'Arantxa Echevarría',
      directorSimplified: 'Arantxa Echevarría',
      directorEN: 'Arantxa Echevarría',
      ratingDouban: null,
      ratingImdb: 7,
      posterUrlInternal: 'http://cnpl-assets.mazel98.com/ycZRv6gYpeit9a5xWCfBg.jpg'
    }
  ],
  total: 116,
  pageNo: 1,
  pageSize: 24
}
